// Jest Snapshot v1, https://goo.gl/fbAQLP

exports[`Matches shallow snapshot 1`] = `
<div
  class="-dr-pogodin-react-utils___src-shared-components-PageLayout-base-theme___container___T3cuHB"
>
  <div
    class="-dr-pogodin-react-utils___src-shared-components-PageLayout-base-theme___sidePanel___lqNh4h "
  />
  <div
    class="-dr-pogodin-react-utils___src-shared-components-PageLayout-base-theme___mainPanel___pPlQO2"
  >
    <h1>
      Error 404: Requested resource is not found.
    </h1>
  </div>
  <div
    class="-dr-pogodin-react-utils___src-shared-components-PageLayout-base-theme___sidePanel___lqNh4h "
  />
</div>
`;
