// Jest Snapshot v1, https://jestjs.io/docs/snapshot-testing

exports[`Matches shallow snapshot 1`] = `
<div
  class="-dr-pogodin-react-utils___build-web-shared-components-PageLayout-base-theme___container___blPmpk"
>
  <div
    class="-dr-pogodin-react-utils___build-web-shared-components-PageLayout-base-theme___sidePanel___mRD159 "
  />
  <div
    class="-dr-pogodin-react-utils___build-web-shared-components-PageLayout-base-theme___mainPanel___zPoY0u"
  >
    <h1>
      Error 404: Requested resource is not found.
    </h1>
  </div>
  <div
    class="-dr-pogodin-react-utils___build-web-shared-components-PageLayout-base-theme___sidePanel___mRD159 "
  />
</div>
`;
