// Jest Snapshot v1, https://goo.gl/fbAQLP

exports[`Matches shallow snapshot 1`] = `
<MetaTags
  description="Yet another webapp based on Dr. Pogodin's React Starter Kit"
  image=""
  siteName=""
  socialDescription=""
  socialTitle=""
  title="Dr. Pogodin's React Starter"
  url=""
>
  <AppRoutes />
</MetaTags>
`;

exports[`Matches shallow snapshot in dev mode 1`] = `
<MetaTags
  description="Yet another webapp based on Dr. Pogodin's React Starter Kit"
  image=""
  siteName=""
  socialDescription=""
  socialTitle=""
  title="Dr. Pogodin's React Starter"
  url=""
>
  <AppRoutes />
</MetaTags>
`;
